17:39:26 **** Auto Build of configuration Debug for project run-zns-core2 ****
make all 
'Building file: ../src/address_translation.c'
'Invoking: ARM v8 gcc compiler'
aarch64-none-elf-gcc -Wall -O0 -g3 -c -fmessage-length=0 -MT"src/address_translation.o" -I../../run-zns-core2_bsp/psu_cortexa53_2/include -MMD -MP -MF"src/address_translation.d" -MT"src/address_translation.o" -o "src/address_translation.o" "../src/address_translation.c"
../src/address_translation.c: In function 'RecoverBadBlockTable':
../src/address_translation.c:208:21: warning: cast to pointer from integer of different size [-Wint-to-pointer-cast]
   bbtTableChecker = (unsigned char*)(tempBbtBufAddr[dieNo]);
                     ^
../src/address_translation.c:218:23: warning: cast to pointer from integer of different size [-Wint-to-pointer-cast]
     bbtTableChecker = (unsigned char*)(tempBbtBufAddr[dieNo] + blockNo);
                       ^
../src/address_translation.c: In function 'UpdateBadBlockTableForGrownBadBlock':
../src/address_translation.c:324:18: warning: cast to pointer from integer of different size [-Wint-to-pointer-cast]
     bbtUpdater = (unsigned char*)(tempBbtBufAddr[dieNo] + phyBlockNo);
                  ^
../src/address_translation.c: In function 'FindBadBlock':
../src/address_translation.c:386:20: warning: cast to pointer from integer of different size [-Wint-to-pointer-cast]
     markPointer0 = (unsigned char*)(tempReadBufAddr[dieNo] + BAD_BLOCK_MARK_BYTE0);
                    ^
../src/address_translation.c:387:20: warning: cast to pointer from integer of different size [-Wint-to-pointer-cast]
     markPointer1 = (unsigned char*)(tempReadBufAddr[dieNo] + BAD_BLOCK_MARK_BYTE1);
                    ^
../src/address_translation.c:428:20: warning: cast to pointer from integer of different size [-Wint-to-pointer-cast]
     markPointer0 = (unsigned char*)(tempReadBufAddr[dieNo] + BAD_BLOCK_MARK_BYTE0);
                    ^
../src/address_translation.c:429:20: warning: cast to pointer from integer of different size [-Wint-to-pointer-cast]
     markPointer1 = (unsigned char*)(tempReadBufAddr[dieNo] + BAD_BLOCK_MARK_BYTE1);
                    ^
../src/address_translation.c:443:17: warning: cast to pointer from integer of different size [-Wint-to-pointer-cast]
     bbtUpdater= (unsigned char*)(tempBbtBufAddr[dieNo] + phyBlockNo);
                 ^
'Finished building: ../src/address_translation.c'
' '
'Building file: ../src/data_buffer.c'
'Invoking: ARM v8 gcc compiler'
aarch64-none-elf-gcc -Wall -O0 -g3 -c -fmessage-length=0 -MT"src/data_buffer.o" -I../../run-zns-core2_bsp/psu_cortexa53_2/include -MMD -MP -MF"src/data_buffer.d" -MT"src/data_buffer.o" -o "src/data_buffer.o" "../src/data_buffer.c"
'Finished building: ../src/data_buffer.c'
' '
'Building file: ../src/ftl_config.c'
'Invoking: ARM v8 gcc compiler'
aarch64-none-elf-gcc -Wall -O0 -g3 -c -fmessage-length=0 -MT"src/ftl_config.o" -I../../run-zns-core2_bsp/psu_cortexa53_2/include -MMD -MP -MF"src/ftl_config.d" -MT"src/ftl_config.o" -o "src/ftl_config.o" "../src/ftl_config.c"
../src/ftl_config.c: In function 'InitChCtlReg':
../src/ftl_config.c:115:21: warning: cast to pointer from integer of different size [-Wint-to-pointer-cast]
   nfc_install_ucode((unsigned int*)NSC_UCODES[i]);
                     ^
../src/ftl_config.c:116:37: warning: cast to pointer from integer of different size [-Wint-to-pointer-cast]
   V2FInitializeHandle(&chCtlReg[i], (void*)NSCS[i]);
                                     ^
../src/ftl_config.c: In function 'InitNandArray':
../src/ftl_config.c:175:35: warning: passing argument 3 of 'V2FReadIdSync' from incompatible pointer type [-Wincompatible-pointer-types]
    V2FReadIdSync(&chCtlReg[i], k, idData);
                                   ^~~~~~
In file included from ../src/ftl_config.h:50,
                 from ../src/data_buffer.h:50,
                 from ../src/memory_map.h:50,
                 from ../src/ftl_config.c:52:
../src/nsc_driver.h:446:59: note: expected 'unsigned int *' but argument is of type 'unsigned char *'
 void V2FReadIdSync(T4REGS* t4regs, int way, unsigned int* statusReport);
                                             ~~~~~~~~~~~~~~^~~~~~~~~~~~
At top level:
../src/ftl_config.c:106:21: warning: 'dq_delay' defined but not used [-Wunused-variable]
 static unsigned int dq_delay[]  = {00, 00, 00, 00};
                     ^~~~~~~~
../src/ftl_config.c:105:21: warning: 'dqs_delay' defined but not used [-Wunused-variable]
 static unsigned int dqs_delay[] = {1099, 1099, 1099, 1099};
                     ^~~~~~~~~
'Finished building: ../src/ftl_config.c'
' '
'Building file: ../src/main.c'
'Invoking: ARM v8 gcc compiler'
aarch64-none-elf-gcc -Wall -O0 -g3 -c -fmessage-length=0 -MT"src/main.o" -I../../run-zns-core2_bsp/psu_cortexa53_2/include -MMD -MP -MF"src/main.d" -MT"src/main.o" -o "src/main.o" "../src/main.c"
'Finished building: ../src/main.c'
' '
'Building file: ../src/nsc_driver.c'
'Invoking: ARM v8 gcc compiler'
aarch64-none-elf-gcc -Wall -O0 -g3 -c -fmessage-length=0 -MT"src/nsc_driver.o" -I../../run-zns-core2_bsp/psu_cortexa53_2/include -MMD -MP -MF"src/nsc_driver.d" -MT"src/nsc_driver.o" -o "src/nsc_driver.o" "../src/nsc_driver.c"
../src/nsc_driver.c: In function 'V2FInitializeHandle':
../src/nsc_driver.c:85:32: warning: cast from pointer to integer of different size [-Wpointer-to-int-cast]
  t4regs->t4regID = (T4REG_ID*)((unsigned int)t4nscRegisterBaseAddress + 0);
                                ^
../src/nsc_driver.c:85:20: warning: cast to pointer from integer of different size [-Wint-to-pointer-cast]
  t4regs->t4regID = (T4REG_ID*)((unsigned int)t4nscRegisterBaseAddress + 0);
                    ^
../src/nsc_driver.c:86:34: warning: cast from pointer to integer of different size [-Wpointer-to-int-cast]
  t4regs->t4regCFG = (T4REG_CFG*)((unsigned int)t4nscRegisterBaseAddress + 0x1000);
                                  ^
../src/nsc_driver.c:86:21: warning: cast to pointer from integer of different size [-Wint-to-pointer-cast]
  t4regs->t4regCFG = (T4REG_CFG*)((unsigned int)t4nscRegisterBaseAddress + 0x1000);
                     ^
../src/nsc_driver.c:87:34: warning: cast from pointer to integer of different size [-Wpointer-to-int-cast]
  t4regs->t4regEXT = (T4REG_EXT*)((unsigned int)t4nscRegisterBaseAddress + 0x2000);
                                  ^
../src/nsc_driver.c:87:21: warning: cast to pointer from integer of different size [-Wint-to-pointer-cast]
  t4regs->t4regEXT = (T4REG_EXT*)((unsigned int)t4nscRegisterBaseAddress + 0x2000);
                     ^
../src/nsc_driver.c:88:32: warning: cast from pointer to integer of different size [-Wpointer-to-int-cast]
  t4regs->t4regCC = (T4REG_CC*)((unsigned int)t4nscRegisterBaseAddress + 0x3000);
                                ^
../src/nsc_driver.c:88:20: warning: cast to pointer from integer of different size [-Wint-to-pointer-cast]
  t4regs->t4regCC = (T4REG_CC*)((unsigned int)t4nscRegisterBaseAddress + 0x3000);
                    ^
../src/nsc_driver.c:89:32: warning: cast from pointer to integer of different size [-Wpointer-to-int-cast]
  t4regs->t4regBP = (T4REG_BP*)((unsigned int)t4nscRegisterBaseAddress + 0x3800);
                                ^
../src/nsc_driver.c:89:20: warning: cast to pointer from integer of different size [-Wint-to-pointer-cast]
  t4regs->t4regBP = (T4REG_BP*)((unsigned int)t4nscRegisterBaseAddress + 0x3800);
                    ^
../src/nsc_driver.c:90:32: warning: cast from pointer to integer of different size [-Wpointer-to-int-cast]
  t4regs->t4regSP = (T4REG_SP*)((unsigned int)t4nscRegisterBaseAddress + 0x4000);
                                ^
../src/nsc_driver.c:90:20: warning: cast to pointer from integer of different size [-Wint-to-pointer-cast]
  t4regs->t4regSP = (T4REG_SP*)((unsigned int)t4nscRegisterBaseAddress + 0x4000);
                    ^
../src/nsc_driver.c: In function 'V2FSetFeaturesT':
../src/nsc_driver.c:124:34: warning: cast from pointer to integer of different size [-Wpointer-to-int-cast]
  setFeaturesCmd.payloadAddress = (unsigned int)payload;
                                  ^
../src/nsc_driver.c: In function 'V2FGetReadyBusy':
../src/nsc_driver.c:137:34: warning: cast from pointer to integer of different size [-Wpointer-to-int-cast]
  getReadyBusyCmd.reportAddress = (unsigned int)report;
                                  ^
../src/nsc_driver.c: In function 'V2FSetFeaturesSync':
../src/nsc_driver.c:145:35: warning: cast to pointer from integer of different size [-Wint-to-pointer-cast]
  volatile unsigned int* payload = (unsigned int*)payLoadAddr;
                                   ^
../src/nsc_driver.c:146:34: warning: cast to pointer from integer of different size [-Wint-to-pointer-cast]
  volatile unsigned int* status = (unsigned int*)(payLoadAddr + 4);
                                  ^
../src/nsc_driver.c:154:27: warning: passing argument 2 of 'V2FGetReadyBusy' discards 'volatile' qualifier from pointer target type [-Wdiscarded-qualifiers]
   V2FGetReadyBusy(t4regs, status);
                           ^~~~~~
../src/nsc_driver.c:131:52: note: expected 'unsigned int *' but argument is of type 'volatile unsigned int *'
 void V2FGetReadyBusy(T4REGS* t4regs, unsigned int* report)
                                      ~~~~~~~~~~~~~~^~~~~~
../src/nsc_driver.c:166:27: warning: passing argument 2 of 'V2FGetReadyBusy' discards 'volatile' qualifier from pointer target type [-Wdiscarded-qualifiers]
   V2FGetReadyBusy(t4regs, status);
                           ^~~~~~
../src/nsc_driver.c:131:52: note: expected 'unsigned int *' but argument is of type 'volatile unsigned int *'
 void V2FGetReadyBusy(T4REGS* t4regs, unsigned int* report)
                                      ~~~~~~~~~~~~~~^~~~~~
../src/nsc_driver.c: In function 'V2FReadPageTransferAsync':
../src/nsc_driver.c:207:31: warning: assignment to 'unsigned int' from 'void *' makes integer from pointer without a cast [-Wint-conversion]
  readpagepSLC.pageDataAddress = pageDataBuffer;
                               ^
../src/nsc_driver.c:208:32: warning: assignment to 'unsigned int' from 'void *' makes integer from pointer without a cast [-Wint-conversion]
  readpagepSLC.spareDataAddress = spareDataBuffer;
                                ^
../src/nsc_driver.c:209:32: warning: assignment to 'unsigned int' from 'unsigned int *' makes integer from pointer without a cast [-Wint-conversion]
  readpagepSLC.errorInfoAddress = errorInformation;
                                ^
../src/nsc_driver.c:211:39: warning: assignment to 'unsigned int' from 'unsigned int *' makes integer from pointer without a cast [-Wint-conversion]
  readpagepSLC.completionReportAddress = completion;
                                       ^
../src/nsc_driver.c: In function 'V2FReadPageTransferRawAsync':
../src/nsc_driver.c:226:38: warning: assignment to 'unsigned int' from 'void *' makes integer from pointer without a cast [-Wint-conversion]
  readPageTransferRaw.pageDataAddress = pageDataBuffer;
                                      ^
../src/nsc_driver.c:227:48: warning: cast from pointer to integer of different size [-Wpointer-to-int-cast]
  readPageTransferRaw.completionReportAddress = (unsigned int)completion;
                                                ^
../src/nsc_driver.c: In function 'V2FProgramPageAsync':
../src/nsc_driver.c:243:31: warning: assignment to 'unsigned int' from 'void *' makes integer from pointer without a cast [-Wint-conversion]
  progPagepSLC.pageDataAddress = pageDataBuffer;
                               ^
../src/nsc_driver.c:244:32: warning: assignment to 'unsigned int' from 'void *' makes integer from pointer without a cast [-Wint-conversion]
  progPagepSLC.spareDataAddress = spareDataBuffer;
                                ^
../src/nsc_driver.c: In function 'V2FStatusCheckAsync':
../src/nsc_driver.c:272:32: warning: cast from pointer to integer of different size [-Wpointer-to-int-cast]
  readStatusCmd.reportAddress = (unsigned int)statusReport;
                                ^
../src/nsc_driver.c: In function 'V2FStatusCheckSync':
../src/nsc_driver.c:284:9: warning: this 'while' clause does not guard... [-Wmisleading-indentation]
         while (V2FIsControllerBusy(t4regs));
         ^~~~~
../src/nsc_driver.c:285:3: note: ...this statement, but the latter is misleadingly indented as if it were guarded by the 'while'
   V2FStatusCheckAsync(t4regs, way, statusReport);
   ^~~~~~~~~~~~~~~~~~~
../src/nsc_driver.c:291:9: warning: 'return' with a value, in function returning void
  return *statusReport;
         ^~~~~~~~~~~~~
../src/nsc_driver.c:280:38: note: declared here
 void __attribute__((optimize("O0"))) V2FStatusCheckSync(T4REGS* t4regs, int way, unsigned int* statusReport)
                                      ^~~~~~~~~~~~~~~~~~
../src/nsc_driver.c: In function 'V2FReadIdAsync':
../src/nsc_driver.c:302:28: warning: cast from pointer to integer of different size [-Wpointer-to-int-cast]
  readIdCmd.reportAddress = (unsigned int)statusReport;
                            ^
../src/nsc_driver.c:303:38: warning: cast from pointer to integer of different size [-Wpointer-to-int-cast]
  readIdCmd.completionReportAddress = (unsigned int)completion;
                                      ^
'Finished building: ../src/nsc_driver.c'
' '
'Building file: ../src/nvme_io_cmd_completion.c'
'Invoking: ARM v8 gcc compiler'
aarch64-none-elf-gcc -Wall -O0 -g3 -c -fmessage-length=0 -MT"src/nvme_io_cmd_completion.o" -I../../run-zns-core2_bsp/psu_cortexa53_2/include -MMD -MP -MF"src/nvme_io_cmd_completion.d" -MT"src/nvme_io_cmd_completion.o" -o "src/nvme_io_cmd_completion.o" "../src/nvme_io_cmd_completion.c"
'Finished building: ../src/nvme_io_cmd_completion.c'
' '
'Building file: ../src/request_allocation.c'
'Invoking: ARM v8 gcc compiler'
aarch64-none-elf-gcc -Wall -O0 -g3 -c -fmessage-length=0 -MT"src/request_allocation.o" -I../../run-zns-core2_bsp/psu_cortexa53_2/include -MMD -MP -MF"src/request_allocation.d" -MT"src/request_allocation.o" -o "src/request_allocation.o" "../src/request_allocation.c"
'Finished building: ../src/request_allocation.c'
' '
'Building file: ../src/request_schedule.c'
'Invoking: ARM v8 gcc compiler'
aarch64-none-elf-gcc -Wall -O0 -g3 -c -fmessage-length=0 -MT"src/request_schedule.o" -I../../run-zns-core2_bsp/psu_cortexa53_2/include -MMD -MP -MF"src/request_schedule.d" -MT"src/request_schedule.o" -o "src/request_schedule.o" "../src/request_schedule.c"
../src/request_schedule.c: In function 'IssueNandReq':
../src/request_schedule.c:640:16: warning: cast to pointer from integer of different size [-Wint-to-pointer-cast]
  dataBufAddr = (void*)GenerateDataBufAddr(reqSlotTag);
                ^
../src/request_schedule.c:641:21: warning: cast to pointer from integer of different size [-Wint-to-pointer-cast]
  spareDataBufAddr = (void*)GenerateSpareDataBufAddr(reqSlotTag);
                     ^
../src/request_schedule.c: In function 'CheckEccErrorInfo':
../src/request_schedule.c:851:27: warning: variable 'errorInfo1' set but not used [-Wunused-but-set-variable]
  unsigned int errorInfo0, errorInfo1, reqSlotTag;
                           ^~~~~~~~~~
../src/request_schedule.c: In function 'ExecuteNandReq':
../src/request_schedule.c:927:18: warning: cast to pointer from integer of different size [-Wint-to-pointer-cast]
       badCheck = (unsigned char*)reqPoolPtr->reqPool[reqSlotTag].dataBufInfo.addr;
                  ^
'Finished building: ../src/request_schedule.c'
' '
'Building file: ../src/request_transform.c'
'Invoking: ARM v8 gcc compiler'
aarch64-none-elf-gcc -Wall -O0 -g3 -c -fmessage-length=0 -MT"src/request_transform.o" -I../../run-zns-core2_bsp/psu_cortexa53_2/include -MMD -MP -MF"src/request_transform.d" -MT"src/request_transform.o" -o "src/request_transform.o" "../src/request_transform.c"
'Finished building: ../src/request_transform.c'
' '
'Building target: run-zns-core2.elf'
'Invoking: ARM v8 gcc linker'
aarch64-none-elf-gcc -Wl,-T -Wl,../src/lscript.ld -L../../run-zns-core2_bsp/psu_cortexa53_2/lib -o "run-zns-core2.elf"  ./src/nvme/debug.o ./src/nvme/host_lld.o ./src/nvme/nvme_admin_cmd.o ./src/nvme/nvme_identify.o ./src/nvme/nvme_io_cmd.o ./src/nvme/nvme_main.o ./src/nvme/zns.o  ./src/address_translation.o ./src/data_buffer.o ./src/ftl_config.o ./src/main.o ./src/nsc_driver.o ./src/nvme_io_cmd_completion.o ./src/request_allocation.o ./src/request_schedule.o ./src/request_transform.o   -Wl,--start-group,-lxil,-lgcc,-lc,--end-group
'Finished building target: run-zns-core2.elf'
' '
'Invoking: ARM v8 Print Size'
aarch64-none-elf-size run-zns-core2.elf  |tee "run-zns-core2.elf.size"
   text	   data	    bss	    dec	    hex	filename
 145280	  11272	  37144	 193696	  2f4a0	run-zns-core2.elf
'Finished building: run-zns-core2.elf.size'
' '

17:39:31 Build Finished (took 5s.119ms)

